// Jest Snapshot v1, https://goo.gl/fbAQLP

exports[`@js/components/HelloMedbear is a Vue instance 1`] = `
<div
  class="hello-medbear"
/>
`;
